2026-07-26 16:16:22,257 | INFO | HRMS | Incoming Request | Method= GET | Path= /
2026-07-26 16:16:22,280 | INFO | HRMS | Outgoing Response | Status= 200 | Time= 23.14 ms
2026-07-26 16:16:30,197 | INFO | HRMS | Incoming Request | Method= GET | Path= /
2026-07-26 16:16:30,221 | INFO | HRMS | Outgoing Response | Status= 200 | Time= 24.20 ms
2026-07-26 16:16:33,515 | INFO | HRMS | Incoming Request | Method= GET | Path= /docs
2026-07-26 16:16:33,519 | INFO | HRMS | Outgoing Response | Status= 200 | Time= 4.77 ms
2026-07-26 16:16:33,637 | INFO | HRMS | Incoming Request | Method= GET | Path= /openapi.json
2026-07-26 16:16:33,707 | INFO | HRMS | Outgoing Response | Status= 200 | Time= 70.60 ms
2026-07-26 16:17:20,439 | INFO | HRMS | Incoming Request | Method= GET | Path= /employees/
2026-07-26 16:17:20,443 | INFO | HRMS | Outgoing Response | Status= 401 | Time= 4.32 ms
2026-07-26 16:19:05,507 | INFO | HRMS | Incoming Request | Method= POST | Path= /employees/
2026-07-26 16:19:05,688 | INFO | sqlalchemy.engine.Engine | select pg_catalog.version()
2026-07-26 16:19:05,688 | INFO | sqlalchemy.engine.Engine | [raw sql] {}
2026-07-26 16:19:05,690 | INFO | sqlalchemy.engine.Engine | select current_schema()
2026-07-26 16:19:05,690 | INFO | sqlalchemy.engine.Engine | [raw sql] {}
2026-07-26 16:19:05,691 | INFO | sqlalchemy.engine.Engine | show standard_conforming_strings
2026-07-26 16:19:05,692 | INFO | sqlalchemy.engine.Engine | [raw sql] {}
2026-07-26 16:19:05,693 | INFO | sqlalchemy.engine.Engine | BEGIN (implicit)
2026-07-26 16:19:05,698 | INFO | sqlalchemy.engine.Engine | SELECT employees.id AS employees_id, employees.employee_id AS employees_employee_id, employees.full_name AS employees_full_name, employees.email AS employees_email, employees.phone AS employees_phone, employees.department AS employees_department, employees.blood_group AS employees_blood_group, employees.designation AS employees_designation, employees.salary AS employees_salary, employees.joining_date AS employees_joining_date, employees.status AS employees_status, employees.profile_image AS employees_profile_image 
FROM employees 
WHERE employees.email = %(email_1)s 
 LIMIT %(param_1)s
2026-07-26 16:19:05,699 | INFO | sqlalchemy.engine.Engine | [generated in 0.00066s] {'email_1': 'sridhivya@gmail.com', 'param_1': 1}
2026-07-26 16:19:05,707 | INFO | sqlalchemy.engine.Engine | ROLLBACK
2026-07-26 16:22:45,725 | INFO | HRMS | Incoming Request | Method= POST | Path= /employees/
2026-07-26 16:22:45,817 | INFO | sqlalchemy.engine.Engine | select pg_catalog.version()
2026-07-26 16:22:45,820 | INFO | sqlalchemy.engine.Engine | [raw sql] {}
2026-07-26 16:22:45,821 | INFO | sqlalchemy.engine.Engine | select current_schema()
2026-07-26 16:22:45,821 | INFO | sqlalchemy.engine.Engine | [raw sql] {}
2026-07-26 16:22:45,823 | INFO | sqlalchemy.engine.Engine | show standard_conforming_strings
2026-07-26 16:22:45,824 | INFO | sqlalchemy.engine.Engine | [raw sql] {}
2026-07-26 16:22:45,825 | INFO | sqlalchemy.engine.Engine | BEGIN (implicit)
2026-07-26 16:22:45,829 | INFO | sqlalchemy.engine.Engine | SELECT employees.id AS employees_id, employees.employee_id AS employees_employee_id, employees.full_name AS employees_full_name, employees.email AS employees_email, employees.phone AS employees_phone, employees.department AS employees_department, employees.blood_group AS employees_blood_group, employees.designation AS employees_designation, employees.salary AS employees_salary, employees.joining_date AS employees_joining_date, employees.status AS employees_status, employees.profile_image AS employees_profile_image 
FROM employees 
WHERE employees.email = %(email_1)s 
 LIMIT %(param_1)s
2026-07-26 16:22:45,829 | INFO | sqlalchemy.engine.Engine | [generated in 0.00044s] {'email_1': 'sridhivya@gmail.com', 'param_1': 1}
2026-07-26 16:22:45,832 | INFO | HRMS | Creating employee with email: sridhivya@gmail.com
2026-07-26 16:22:45,834 | INFO | sqlalchemy.engine.Engine | INSERT INTO employees (employee_id, full_name, email, phone, department, blood_group, designation, salary, joining_date, status, profile_image) VALUES (%(employee_id)s, %(full_name)s, %(email)s, %(phone)s, %(department)s, %(blood_group)s, %(designation)s, %(salary)s, %(joining_date)s, %(status)s, %(profile_image)s) RETURNING employees.id
2026-07-26 16:22:45,835 | INFO | sqlalchemy.engine.Engine | [generated in 0.00118s] {'employee_id': '201', 'full_name': 'Sridhivya', 'email': 'sridhivya@gmail.com', 'phone': '9876543210', 'department': 'IT', 'blood_group': None, 'designation': 'Developer', 'salary': 156000.0, 'joining_date': datetime.date(2024, 7, 26), 'status': 'Active', 'profile_image': None}
2026-07-26 16:22:45,846 | INFO | sqlalchemy.engine.Engine | COMMIT
2026-07-26 16:22:45,848 | INFO | sqlalchemy.engine.Engine | BEGIN (implicit)
2026-07-26 16:22:45,850 | INFO | sqlalchemy.engine.Engine | SELECT employees.id, employees.employee_id, employees.full_name, employees.email, employees.phone, employees.department, employees.blood_group, employees.designation, employees.salary, employees.joining_date, employees.status, employees.profile_image 
FROM employees 
WHERE employees.id = %(pk_1)s
2026-07-26 16:22:45,850 | INFO | sqlalchemy.engine.Engine | [generated in 0.00052s] {'pk_1': 4}
2026-07-26 16:22:45,852 | INFO | HRMS | Employee created successfully. ID: 4
2026-07-26 16:22:45,853 | INFO | HRMS | Outgoing Response | Status= 200 | Time= 127.77 ms
2026-07-26 16:22:45,854 | INFO | sqlalchemy.engine.Engine | ROLLBACK
2026-07-26 23:33:03,191 | INFO | HRMS | Incoming Request | Method= GET | Path= /
2026-07-26 23:33:03,221 | INFO | HRMS | Outgoing Response | Status= 200 | Time= 29.94 ms
2026-07-26 23:33:12,291 | INFO | HRMS | Incoming Request | Method= GET | Path= /docs
2026-07-26 23:33:12,292 | INFO | HRMS | Outgoing Response | Status= 200 | Time= 0.90 ms
2026-07-26 23:33:12,390 | INFO | HRMS | Incoming Request | Method= GET | Path= /openapi.json
2026-07-26 23:33:12,461 | INFO | HRMS | Outgoing Response | Status= 200 | Time= 71.33 ms
2026-07-26 23:34:45,329 | INFO | HRMS | Incoming Request | Method= GET | Path= /docs
2026-07-26 23:34:45,330 | INFO | HRMS | Outgoing Response | Status= 200 | Time= 1.07 ms
2026-07-26 23:34:45,391 | INFO | HRMS | Incoming Request | Method= GET | Path= /openapi.json
2026-07-26 23:34:45,392 | INFO | HRMS | Outgoing Response | Status= 200 | Time= 0.99 ms
2026-07-26 23:38:07,164 | INFO | HRMS | Incoming Request | Method= POST | Path= /users/login
2026-07-26 23:38:12,029 | INFO | HRMS | Incoming Request | Method= POST | Path= /users/login
2026-07-26 23:38:36,990 | INFO | HRMS | Incoming Request | Method= POST | Path= /users/login
2026-07-26 23:38:39,393 | INFO | HRMS | Incoming Request | Method= POST | Path= /users/login
2026-07-26 23:38:52,305 | INFO | HRMS | Incoming Request | Method= POST | Path= /users/login
2026-07-26 23:48:29,036 | INFO | HRMS | Incoming Request | Method= GET | Path= /docs
2026-07-26 23:48:29,037 | INFO | HRMS | Outgoing Response | Status= 200 | Time= 1.55 ms
2026-07-26 23:48:29,112 | INFO | HRMS | Incoming Request | Method= GET | Path= /openapi.json
2026-07-26 23:48:29,251 | INFO | HRMS | Outgoing Response | Status= 200 | Time= 139.06 ms
2026-07-26 23:48:30,587 | INFO | HRMS | Incoming Request | Method= GET | Path= /docs
2026-07-26 23:48:30,595 | INFO | HRMS | Outgoing Response | Status= 200 | Time= 7.73 ms
2026-07-26 23:48:30,654 | INFO | HRMS | Incoming Request | Method= GET | Path= /openapi.json
2026-07-26 23:48:30,655 | INFO | HRMS | Outgoing Response | Status= 200 | Time= 0.80 ms
2026-07-26 23:49:04,020 | INFO | HRMS | Incoming Request | Method= POST | Path= /users/login
2026-07-26 23:49:04,304 | INFO | sqlalchemy.engine.Engine | select pg_catalog.version()
2026-07-26 23:49:04,304 | INFO | sqlalchemy.engine.Engine | [raw sql] {}
2026-07-26 23:49:04,306 | INFO | sqlalchemy.engine.Engine | select current_schema()
2026-07-26 23:49:04,306 | INFO | sqlalchemy.engine.Engine | [raw sql] {}
2026-07-26 23:49:04,307 | INFO | sqlalchemy.engine.Engine | show standard_conforming_strings
2026-07-26 23:49:04,307 | INFO | sqlalchemy.engine.Engine | [raw sql] {}
2026-07-26 23:49:04,308 | INFO | sqlalchemy.engine.Engine | BEGIN (implicit)
2026-07-26 23:49:04,311 | INFO | sqlalchemy.engine.Engine | SELECT users.id AS users_id, users.full_name AS users_full_name, users.email AS users_email, users.password AS users_password, users.role AS users_role 
FROM users 
WHERE users.email = %(email_1)s 
 LIMIT %(param_1)s
2026-07-26 23:49:04,311 | INFO | sqlalchemy.engine.Engine | [generated in 0.00042s] {'email_1': 'kavibharathi910@gmail.com', 'param_1': 1}
2026-07-26 23:49:04,645 | INFO | HRMS | Outgoing Response | Status= 200 | Time= 625.33 ms
2026-07-26 23:49:04,648 | INFO | sqlalchemy.engine.Engine | ROLLBACK
2026-07-27 19:08:57,914 | INFO | HRMS | Incoming Request | Method= GET | Path= /
2026-07-27 19:08:57,945 | INFO | HRMS | Outgoing Response | Status= 200 | Time= 30.98 ms
2026-07-27 19:09:07,989 | INFO | HRMS | Incoming Request | Method= GET | Path= /
2026-07-27 19:09:07,991 | INFO | HRMS | Outgoing Response | Status= 200 | Time= 1.93 ms
2026-07-27 19:09:08,037 | INFO | HRMS | Incoming Request | Method= GET | Path= /favicon.ico
2026-07-27 19:09:08,038 | INFO | HRMS | Outgoing Response | Status= 404 | Time= 1.27 ms
2026-07-27 19:09:11,448 | INFO | HRMS | Incoming Request | Method= GET | Path= /docs
2026-07-27 19:09:11,449 | INFO | HRMS | Outgoing Response | Status= 200 | Time= 1.00 ms
2026-07-27 19:09:11,560 | INFO | HRMS | Incoming Request | Method= GET | Path= /openapi.json
2026-07-27 19:09:11,624 | INFO | HRMS | Outgoing Response | Status= 200 | Time= 64.74 ms
2026-07-27 19:09:35,910 | INFO | HRMS | Incoming Request | Method= POST | Path= /forgot-password
2026-07-27 19:09:36,172 | INFO | sqlalchemy.engine.Engine | select pg_catalog.version()
2026-07-27 19:09:36,172 | INFO | sqlalchemy.engine.Engine | [raw sql] {}
2026-07-27 19:09:36,173 | INFO | sqlalchemy.engine.Engine | select current_schema()
2026-07-27 19:09:36,173 | INFO | sqlalchemy.engine.Engine | [raw sql] {}
2026-07-27 19:09:36,174 | INFO | sqlalchemy.engine.Engine | show standard_conforming_strings
2026-07-27 19:09:36,174 | INFO | sqlalchemy.engine.Engine | [raw sql] {}
2026-07-27 19:09:36,175 | INFO | sqlalchemy.engine.Engine | BEGIN (implicit)
2026-07-27 19:09:36,177 | INFO | sqlalchemy.engine.Engine | INSERT INTO password_resets (email, token, expires_at) VALUES (%(email)s, %(token)s, %(expires_at)s) RETURNING password_resets.id, password_resets.created_at
2026-07-27 19:09:36,177 | INFO | sqlalchemy.engine.Engine | [generated in 0.00023s] {'email': 'kavibharathi910@gmail.com', 'token': '8zaEdLfFuuP1jsXxkfgHg1ZEJswpcUpbcaeWcba8MMA', 'expires_at': datetime.datetime(2026, 7, 27, 14, 9, 35, 917170)}
2026-07-27 19:09:36,180 | INFO | sqlalchemy.engine.Engine | ROLLBACK
2026-07-27 19:09:38,568 | INFO | HRMS | Incoming Request | Method= POST | Path= /forgot-password
2026-07-27 19:09:38,570 | INFO | sqlalchemy.engine.Engine | BEGIN (implicit)
2026-07-27 19:09:38,570 | INFO | sqlalchemy.engine.Engine | INSERT INTO password_resets (email, token, expires_at) VALUES (%(email)s, %(token)s, %(expires_at)s) RETURNING password_resets.id, password_resets.created_at
2026-07-27 19:09:38,571 | INFO | sqlalchemy.engine.Engine | [cached since 2.394s ago] {'email': 'kavibharathi910@gmail.com', 'token': 'NZARtbmFHd3tAEKJADvqXgMugHG7QGRWZWzoeSPqB7E', 'expires_at': datetime.datetime(2026, 7, 27, 14, 9, 38, 570042)}
2026-07-27 19:09:38,571 | INFO | sqlalchemy.engine.Engine | ROLLBACK
2026-07-27 19:21:03,260 | INFO | HRMS | Incoming Request | Method= POST | Path= /forgot-password
2026-07-27 19:21:03,432 | INFO | sqlalchemy.engine.Engine | select pg_catalog.version()
2026-07-27 19:21:03,432 | INFO | sqlalchemy.engine.Engine | [raw sql] {}
2026-07-27 19:21:03,434 | INFO | sqlalchemy.engine.Engine | select current_schema()
2026-07-27 19:21:03,434 | INFO | sqlalchemy.engine.Engine | [raw sql] {}
2026-07-27 19:21:03,435 | INFO | sqlalchemy.engine.Engine | show standard_conforming_strings
2026-07-27 19:21:03,435 | INFO | sqlalchemy.engine.Engine | [raw sql] {}
2026-07-27 19:21:03,436 | INFO | sqlalchemy.engine.Engine | BEGIN (implicit)
2026-07-27 19:21:03,438 | INFO | sqlalchemy.engine.Engine | INSERT INTO password_resets (email, token, expires_at) VALUES (%(email)s, %(token)s, %(expires_at)s) RETURNING password_resets.id, password_resets.created_at
2026-07-27 19:21:03,439 | INFO | sqlalchemy.engine.Engine | [generated in 0.00036s] {'email': 'kavibharathi910@gmail.com', 'token': 'PRfk7cyy4dGtHq4Hzf0DYIeUSmZdbUORFTcELsi7YMw', 'expires_at': datetime.datetime(2026, 7, 27, 14, 21, 3, 289777)}
2026-07-27 19:21:03,440 | INFO | sqlalchemy.engine.Engine | ROLLBACK
2026-07-27 19:21:05,443 | INFO | HRMS | Incoming Request | Method= POST | Path= /forgot-password
2026-07-27 19:21:05,446 | INFO | sqlalchemy.engine.Engine | BEGIN (implicit)
2026-07-27 19:21:05,447 | INFO | sqlalchemy.engine.Engine | INSERT INTO password_resets (email, token, expires_at) VALUES (%(email)s, %(token)s, %(expires_at)s) RETURNING password_resets.id, password_resets.created_at
2026-07-27 19:21:05,447 | INFO | sqlalchemy.engine.Engine | [cached since 2.009s ago] {'email': 'kavibharathi910@gmail.com', 'token': 'DP2c-MTU6QVo344BhJe6pgBG6UkvHQyRFrEzngptc5c', 'expires_at': datetime.datetime(2026, 7, 27, 14, 21, 5, 446615)}
2026-07-27 19:21:05,448 | INFO | sqlalchemy.engine.Engine | ROLLBACK
2026-07-27 19:41:20,970 | INFO | HRMS | Incoming Request | Method= GET | Path= /docs
2026-07-27 19:41:20,971 | INFO | HRMS | Outgoing Response | Status= 200 | Time= 0.92 ms
2026-07-27 19:41:21,040 | INFO | HRMS | Incoming Request | Method= GET | Path= /openapi.json
2026-07-27 19:41:21,122 | INFO | HRMS | Outgoing Response | Status= 200 | Time= 82.01 ms
2026-07-27 19:41:52,730 | INFO | HRMS | Incoming Request | Method= POST | Path= /forgot-password
2026-07-27 19:41:52,890 | INFO | sqlalchemy.engine.Engine | select pg_catalog.version()
2026-07-27 19:41:52,890 | INFO | sqlalchemy.engine.Engine | [raw sql] {}
2026-07-27 19:41:52,891 | INFO | sqlalchemy.engine.Engine | select current_schema()
2026-07-27 19:41:52,891 | INFO | sqlalchemy.engine.Engine | [raw sql] {}
2026-07-27 19:41:52,891 | INFO | sqlalchemy.engine.Engine | show standard_conforming_strings
2026-07-27 19:41:52,892 | INFO | sqlalchemy.engine.Engine | [raw sql] {}
2026-07-27 19:41:52,893 | INFO | sqlalchemy.engine.Engine | BEGIN (implicit)
2026-07-27 19:41:52,895 | INFO | sqlalchemy.engine.Engine | INSERT INTO password_resets (email, token, expires_at) VALUES (%(email)s, %(token)s, %(expires_at)s) RETURNING password_resets.id, password_resets.created_at
2026-07-27 19:41:52,895 | INFO | sqlalchemy.engine.Engine | [generated in 0.00041s] {'email': 'kavibharathi910@gmail.com', 'token': 'znYJaD9cAuY7nB_28XS_G4R8qZ9ZU_Jp8xmckQxTmn0', 'expires_at': datetime.datetime(2026, 7, 27, 14, 41, 52, 736946)}
2026-07-27 19:41:52,900 | INFO | sqlalchemy.engine.Engine | COMMIT
2026-07-27 19:41:52,936 | WARNING | kombu.connection | No hostname was supplied. Reverting to default 'localhost'
2026-07-27 21:58:39,497 | INFO | HRMS | Incoming Request | Method= GET | Path= /
2026-07-27 21:58:39,546 | INFO | HRMS | Outgoing Response | Status= 200 | Time= 49.26 ms
2026-07-27 22:17:43,936 | INFO | HRMS | Incoming Request | Method= GET | Path= /docs
2026-07-27 22:17:43,937 | INFO | HRMS | Outgoing Response | Status= 200 | Time= 1.17 ms
2026-07-27 22:17:44,023 | INFO | HRMS | Incoming Request | Method= GET | Path= /openapi.json
2026-07-27 22:17:44,108 | INFO | HRMS | Outgoing Response | Status= 200 | Time= 85.04 ms
2026-07-27 22:18:05,630 | INFO | HRMS | Incoming Request | Method= POST | Path= /forgot-password
2026-07-27 22:18:05,848 | INFO | sqlalchemy.engine.Engine | select pg_catalog.version()
2026-07-27 22:18:05,849 | INFO | sqlalchemy.engine.Engine | [raw sql] {}
2026-07-27 22:18:05,850 | INFO | sqlalchemy.engine.Engine | select current_schema()
2026-07-27 22:18:05,850 | INFO | sqlalchemy.engine.Engine | [raw sql] {}
2026-07-27 22:18:05,851 | INFO | sqlalchemy.engine.Engine | show standard_conforming_strings
2026-07-27 22:18:05,852 | INFO | sqlalchemy.engine.Engine | [raw sql] {}
2026-07-27 22:18:05,853 | INFO | sqlalchemy.engine.Engine | BEGIN (implicit)
2026-07-27 22:18:05,857 | INFO | sqlalchemy.engine.Engine | INSERT INTO password_resets (email, token, expires_at) VALUES (%(email)s, %(token)s, %(expires_at)s) RETURNING password_resets.id, password_resets.created_at
2026-07-27 22:18:05,857 | INFO | sqlalchemy.engine.Engine | [generated in 0.00053s] {'email': 'kavibharathi910@gmail.com', 'token': 'kegsODPVlTplGMQIxQS3Eon0LmpPPjzHi-9FTQAtBNU', 'expires_at': datetime.datetime(2026, 7, 27, 17, 18, 5, 636430)}
2026-07-27 22:18:05,863 | INFO | sqlalchemy.engine.Engine | COMMIT
2026-07-27 22:18:05,888 | WARNING | kombu.connection | No hostname was supplied. Reverting to default 'localhost'
2026-07-27 22:21:42,100 | INFO | HRMS | Incoming Request | Method= GET | Path= /docs
2026-07-27 22:21:42,101 | INFO | HRMS | Outgoing Response | Status= 200 | Time= 1.56 ms
2026-07-27 22:21:42,184 | INFO | HRMS | Incoming Request | Method= GET | Path= /openapi.json
2026-07-27 22:21:42,312 | INFO | HRMS | Outgoing Response | Status= 200 | Time= 128.19 ms
2026-07-27 22:22:12,528 | INFO | HRMS | Incoming Request | Method= POST | Path= /forgot-password
2026-07-27 22:22:12,723 | INFO | sqlalchemy.engine.Engine | select pg_catalog.version()
2026-07-27 22:22:12,724 | INFO | sqlalchemy.engine.Engine | [raw sql] {}
2026-07-27 22:22:12,725 | INFO | sqlalchemy.engine.Engine | select current_schema()
2026-07-27 22:22:12,726 | INFO | sqlalchemy.engine.Engine | [raw sql] {}
2026-07-27 22:22:12,727 | INFO | sqlalchemy.engine.Engine | show standard_conforming_strings
2026-07-27 22:22:12,727 | INFO | sqlalchemy.engine.Engine | [raw sql] {}
2026-07-27 22:22:12,728 | INFO | sqlalchemy.engine.Engine | BEGIN (implicit)
2026-07-27 22:22:12,731 | INFO | sqlalchemy.engine.Engine | INSERT INTO password_resets (email, token, expires_at) VALUES (%(email)s, %(token)s, %(expires_at)s) RETURNING password_resets.id, password_resets.created_at
2026-07-27 22:22:12,731 | INFO | sqlalchemy.engine.Engine | [generated in 0.00049s] {'email': 'kavibharathi910@gmail.com', 'token': 'Hwv494vHcbbvkQ8Lt7MO8orOeU9i3dAaIhkk3qT8ON8', 'expires_at': datetime.datetime(2026, 7, 27, 17, 22, 12, 535707)}
2026-07-27 22:22:12,734 | INFO | sqlalchemy.engine.Engine | COMMIT
2026-07-27 22:22:12,766 | WARNING | kombu.connection | No hostname was supplied. Reverting to default 'localhost'
2026-07-27 22:37:51,228 | INFO | HRMS | Incoming Request | Method= GET | Path= /docs
2026-07-27 22:37:51,229 | INFO | HRMS | Outgoing Response | Status= 200 | Time= 1.30 ms
2026-07-27 22:37:51,316 | INFO | HRMS | Incoming Request | Method= GET | Path= /openapi.json
2026-07-27 22:37:51,432 | INFO | HRMS | Outgoing Response | Status= 200 | Time= 116.21 ms
2026-07-27 22:38:19,173 | INFO | HRMS | Incoming Request | Method= POST | Path= /forgot-password
2026-07-27 22:38:19,364 | INFO | sqlalchemy.engine.Engine | select pg_catalog.version()
2026-07-27 22:38:19,365 | INFO | sqlalchemy.engine.Engine | [raw sql] {}
2026-07-27 22:38:19,366 | INFO | sqlalchemy.engine.Engine | select current_schema()
2026-07-27 22:38:19,366 | INFO | sqlalchemy.engine.Engine | [raw sql] {}
2026-07-27 22:38:19,367 | INFO | sqlalchemy.engine.Engine | show standard_conforming_strings
2026-07-27 22:38:19,367 | INFO | sqlalchemy.engine.Engine | [raw sql] {}
2026-07-27 22:38:19,368 | INFO | sqlalchemy.engine.Engine | BEGIN (implicit)
2026-07-27 22:38:19,370 | INFO | sqlalchemy.engine.Engine | INSERT INTO password_resets (email, token, expires_at) VALUES (%(email)s, %(token)s, %(expires_at)s) RETURNING password_resets.id, password_resets.created_at
2026-07-27 22:38:19,371 | INFO | sqlalchemy.engine.Engine | [generated in 0.00039s] {'email': 'kavibharathi910@gmail.com', 'token': '4PxZ6Kko4xJGCymgNX4n3jRRzbQxnQ1G4QZsWw_8jws', 'expires_at': datetime.datetime(2026, 7, 27, 17, 38, 19, 180097)}
2026-07-27 22:38:19,374 | INFO | sqlalchemy.engine.Engine | COMMIT
2026-07-27 22:38:19,416 | WARNING | kombu.connection | No hostname was supplied. Reverting to default 'localhost'
2026-07-27 22:47:42,620 | INFO | HRMS | Incoming Request | Method= GET | Path= /
2026-07-27 22:47:42,644 | INFO | HRMS | Outgoing Response | Status= 200 | Time= 24.00 ms
2026-07-27 22:47:51,977 | INFO | HRMS | Incoming Request | Method= GET | Path= /
2026-07-27 22:47:51,979 | INFO | HRMS | Outgoing Response | Status= 200 | Time= 2.32 ms
2026-07-27 22:47:52,025 | INFO | HRMS | Incoming Request | Method= GET | Path= /favicon.ico
2026-07-27 22:47:52,026 | INFO | HRMS | Outgoing Response | Status= 404 | Time= 1.49 ms
2026-07-27 22:47:56,879 | INFO | HRMS | Incoming Request | Method= GET | Path= /docs
2026-07-27 22:47:56,882 | INFO | HRMS | Outgoing Response | Status= 200 | Time= 3.11 ms
2026-07-27 22:47:57,007 | INFO | HRMS | Incoming Request | Method= GET | Path= /openapi.json
2026-07-27 22:47:57,092 | INFO | HRMS | Outgoing Response | Status= 200 | Time= 85.28 ms
2026-07-27 22:48:22,827 | INFO | HRMS | Incoming Request | Method= POST | Path= /forgot-password
2026-07-27 22:48:23,011 | INFO | sqlalchemy.engine.Engine | select pg_catalog.version()
2026-07-27 22:48:23,012 | INFO | sqlalchemy.engine.Engine | [raw sql] {}
2026-07-27 22:48:23,013 | INFO | sqlalchemy.engine.Engine | select current_schema()
2026-07-27 22:48:23,013 | INFO | sqlalchemy.engine.Engine | [raw sql] {}
2026-07-27 22:48:23,014 | INFO | sqlalchemy.engine.Engine | show standard_conforming_strings
2026-07-27 22:48:23,014 | INFO | sqlalchemy.engine.Engine | [raw sql] {}
2026-07-27 22:48:23,015 | INFO | sqlalchemy.engine.Engine | BEGIN (implicit)
2026-07-27 22:48:23,018 | INFO | sqlalchemy.engine.Engine | INSERT INTO password_resets (email, token, expires_at) VALUES (%(email)s, %(token)s, %(expires_at)s) RETURNING password_resets.id, password_resets.created_at
2026-07-27 22:48:23,019 | INFO | sqlalchemy.engine.Engine | [generated in 0.00142s] {'email': 'kavibharathi910@gmail.com', 'token': '0umFPpaFvoZ7QvV4o29NAa4KHU_vocbIMRKE-_NSxRM', 'expires_at': datetime.datetime(2026, 7, 27, 17, 48, 22, 833181)}
2026-07-27 22:48:23,022 | INFO | sqlalchemy.engine.Engine | COMMIT
2026-07-27 22:48:28,129 | INFO | celery.app.trace | Task app.celery.tasks.send_reset_email_task[c8817747-0c28-42d1-942c-aa1594864831] succeeded in 5.064169499964919s: None
2026-07-27 22:48:28,130 | INFO | HRMS | Outgoing Response | Status= 200 | Time= 5303.21 ms
2026-07-28 20:26:07,788 | INFO | HRMS | Incoming Request | Method= GET | Path= /
2026-07-28 20:26:07,826 | INFO | HRMS | Outgoing Response | Status= 200 | Time= 37.46 ms
2026-07-28 20:26:07,866 | INFO | HRMS | Incoming Request | Method= GET | Path= /favicon.ico
2026-07-28 20:26:07,867 | INFO | HRMS | Outgoing Response | Status= 404 | Time= 1.15 ms
2026-07-28 21:12:46,040 | INFO | HRMS | Incoming Request | Method= GET | Path= /docs
2026-07-28 21:12:46,041 | INFO | HRMS | Outgoing Response | Status= 200 | Time= 1.18 ms
2026-07-28 21:12:46,164 | INFO | HRMS | Incoming Request | Method= GET | Path= /openapi.json
2026-07-28 21:12:46,231 | INFO | HRMS | Outgoing Response | Status= 200 | Time= 67.25 ms
2026-07-28 21:12:59,450 | INFO | HRMS | Incoming Request | Method= POST | Path= /logout
2026-07-28 21:12:59,453 | INFO | HRMS | Outgoing Response | Status= 401 | Time= 3.00 ms
2026-07-28 21:13:34,981 | INFO | HRMS | Incoming Request | Method= POST | Path= /logout
2026-07-28 21:13:34,982 | INFO | HRMS | Outgoing Response | Status= 401 | Time= 0.99 ms
2026-07-28 21:16:21,698 | INFO | HRMS | Incoming Request | Method= POST | Path= /users/login
2026-07-28 21:16:21,933 | INFO | sqlalchemy.engine.Engine | select pg_catalog.version()
2026-07-28 21:16:21,933 | INFO | sqlalchemy.engine.Engine | [raw sql] {}
2026-07-28 21:16:21,935 | INFO | sqlalchemy.engine.Engine | select current_schema()
2026-07-28 21:16:21,936 | INFO | sqlalchemy.engine.Engine | [raw sql] {}
2026-07-28 21:16:21,938 | INFO | sqlalchemy.engine.Engine | show standard_conforming_strings
2026-07-28 21:16:21,939 | INFO | sqlalchemy.engine.Engine | [raw sql] {}
2026-07-28 21:16:21,940 | INFO | sqlalchemy.engine.Engine | BEGIN (implicit)
2026-07-28 21:16:21,945 | INFO | sqlalchemy.engine.Engine | SELECT users.id AS users_id, users.full_name AS users_full_name, users.email AS users_email, users.password AS users_password, users.role AS users_role 
FROM users 
WHERE users.email = %(email_1)s 
 LIMIT %(param_1)s
2026-07-28 21:16:21,947 | INFO | sqlalchemy.engine.Engine | [generated in 0.00239s] {'email_1': 'kavikbbharathi@gmail.com', 'param_1': 1}
2026-07-28 21:16:22,292 | INFO | HRMS | Outgoing Response | Status= 200 | Time= 593.74 ms
2026-07-28 21:16:22,293 | INFO | sqlalchemy.engine.Engine | ROLLBACK
2026-07-28 21:16:48,902 | INFO | HRMS | Incoming Request | Method= POST | Path= /logout
2026-07-28 21:16:48,903 | INFO | HRMS | Outgoing Response | Status= 401 | Time= 0.91 ms
2026-07-28 21:26:34,015 | INFO | HRMS | Incoming Request | Method= POST | Path= /users/login
2026-07-28 21:26:34,022 | INFO | sqlalchemy.engine.Engine | BEGIN (implicit)
2026-07-28 21:26:34,025 | INFO | sqlalchemy.engine.Engine | SELECT users.id AS users_id, users.full_name AS users_full_name, users.email AS users_email, users.password AS users_password, users.role AS users_role 
FROM users 
WHERE users.email = %(email_1)s 
 LIMIT %(param_1)s
2026-07-28 21:26:34,026 | INFO | sqlalchemy.engine.Engine | [cached since 612.1s ago] {'email_1': 'kavikbbharathi@gmail.com', 'param_1': 1}
2026-07-28 21:26:34,322 | INFO | HRMS | Outgoing Response | Status= 200 | Time= 307.41 ms
2026-07-28 21:26:34,323 | INFO | sqlalchemy.engine.Engine | ROLLBACK
2026-07-28 21:27:41,016 | INFO | HRMS | Incoming Request | Method= POST | Path= /logout
2026-07-28 21:32:36,705 | INFO | HRMS | Incoming Request | Method= POST | Path= /logout
2026-07-28 21:32:44,322 | INFO | HRMS | Incoming Request | Method= GET | Path= /docs
2026-07-28 21:32:44,323 | INFO | HRMS | Outgoing Response | Status= 200 | Time= 1.49 ms
2026-07-28 21:32:44,389 | INFO | HRMS | Incoming Request | Method= GET | Path= /openapi.json
2026-07-28 21:32:44,460 | INFO | HRMS | Outgoing Response | Status= 200 | Time= 71.20 ms
2026-07-28 21:33:19,936 | INFO | HRMS | Incoming Request | Method= POST | Path= /users/login
2026-07-28 21:33:20,107 | INFO | sqlalchemy.engine.Engine | select pg_catalog.version()
2026-07-28 21:33:20,108 | INFO | sqlalchemy.engine.Engine | [raw sql] {}
2026-07-28 21:33:20,109 | INFO | sqlalchemy.engine.Engine | select current_schema()
2026-07-28 21:33:20,109 | INFO | sqlalchemy.engine.Engine | [raw sql] {}
2026-07-28 21:33:20,110 | INFO | sqlalchemy.engine.Engine | show standard_conforming_strings
2026-07-28 21:33:20,110 | INFO | sqlalchemy.engine.Engine | [raw sql] {}
2026-07-28 21:33:20,111 | INFO | sqlalchemy.engine.Engine | BEGIN (implicit)
2026-07-28 21:33:20,113 | INFO | sqlalchemy.engine.Engine | SELECT users.id AS users_id, users.full_name AS users_full_name, users.email AS users_email, users.password AS users_password, users.role AS users_role 
FROM users 
WHERE users.email = %(email_1)s 
 LIMIT %(param_1)s
2026-07-28 21:33:20,113 | INFO | sqlalchemy.engine.Engine | [generated in 0.00042s] {'email_1': 'kavikbbharathi@gmail.com', 'param_1': 1}
2026-07-28 21:33:20,456 | INFO | HRMS | Outgoing Response | Status= 200 | Time= 520.60 ms
2026-07-28 21:33:20,457 | INFO | sqlalchemy.engine.Engine | ROLLBACK
2026-07-28 21:33:22,328 | INFO | HRMS | Incoming Request | Method= POST | Path= /users/login
2026-07-28 21:33:22,332 | INFO | sqlalchemy.engine.Engine | BEGIN (implicit)
2026-07-28 21:33:22,333 | INFO | sqlalchemy.engine.Engine | SELECT users.id AS users_id, users.full_name AS users_full_name, users.email AS users_email, users.password AS users_password, users.role AS users_role 
FROM users 
WHERE users.email = %(email_1)s 
 LIMIT %(param_1)s
2026-07-28 21:33:22,333 | INFO | sqlalchemy.engine.Engine | [cached since 2.22s ago] {'email_1': 'kavikbbharathi@gmail.com', 'param_1': 1}
2026-07-28 21:33:22,646 | INFO | HRMS | Outgoing Response | Status= 200 | Time= 317.52 ms
2026-07-28 21:33:22,647 | INFO | sqlalchemy.engine.Engine | ROLLBACK
2026-07-28 21:34:01,933 | INFO | HRMS | Incoming Request | Method= POST | Path= /logout
2026-07-28 21:39:50,615 | INFO | HRMS | Incoming Request | Method= GET | Path= /docs
2026-07-28 21:39:50,616 | INFO | HRMS | Outgoing Response | Status= 200 | Time= 0.96 ms
2026-07-28 21:39:50,702 | INFO | HRMS | Incoming Request | Method= GET | Path= /openapi.json
2026-07-28 21:39:50,801 | INFO | HRMS | Outgoing Response | Status= 200 | Time= 99.16 ms
2026-07-28 21:40:29,958 | INFO | HRMS | Incoming Request | Method= POST | Path= /users/login
2026-07-28 21:40:30,128 | INFO | sqlalchemy.engine.Engine | select pg_catalog.version()
2026-07-28 21:40:30,129 | INFO | sqlalchemy.engine.Engine | [raw sql] {}
2026-07-28 21:40:30,130 | INFO | sqlalchemy.engine.Engine | select current_schema()
2026-07-28 21:40:30,131 | INFO | sqlalchemy.engine.Engine | [raw sql] {}
2026-07-28 21:40:30,132 | INFO | sqlalchemy.engine.Engine | show standard_conforming_strings
2026-07-28 21:40:30,132 | INFO | sqlalchemy.engine.Engine | [raw sql] {}
2026-07-28 21:40:30,133 | INFO | sqlalchemy.engine.Engine | BEGIN (implicit)
2026-07-28 21:40:30,135 | INFO | sqlalchemy.engine.Engine | SELECT users.id AS users_id, users.full_name AS users_full_name, users.email AS users_email, users.password AS users_password, users.role AS users_role 
FROM users 
WHERE users.email = %(email_1)s 
 LIMIT %(param_1)s
2026-07-28 21:40:30,135 | INFO | sqlalchemy.engine.Engine | [generated in 0.00035s] {'email_1': 'kavikbbharathi@gmail.com', 'param_1': 1}
2026-07-28 21:40:30,467 | INFO | HRMS | Outgoing Response | Status= 200 | Time= 508.85 ms
2026-07-28 21:40:30,469 | INFO | sqlalchemy.engine.Engine | ROLLBACK
2026-07-28 21:41:14,121 | INFO | HRMS | Incoming Request | Method= POST | Path= /logout
2026-07-28 21:41:46,099 | INFO | HRMS | Incoming Request | Method= POST | Path= /logout
2026-07-28 21:46:23,140 | INFO | HRMS | Incoming Request | Method= POST | Path= /logout
2026-07-28 21:46:23,190 | INFO | HRMS | Outgoing Response | Status= 200 | Time= 49.88 ms
